   ▲ Next.js 15.5.19
   - Local:        http://localhost:3000
   - Network:      http://0.0.0.0:3000
   - Environments: .env.local

 ✓ Starting...
 ✓ Ready in 5.3s
 ○ Compiling /home ...
 ✓ Compiled /home in 4.5s (646 modules)
 GET /home 200 in 4786ms
 ○ Compiling / ...
 ✓ Compiled / in 1702ms (613 modules)
 GET / 307 in 1883ms
 ✓ Compiled /home in 76ms (373 modules)
 GET /home 200 in 224ms
 GET / 307 in 99ms
 GET /home 200 in 61ms
 ⚠ Cross origin request detected from 10.140.137.237 to /_next/* resource. In a future major version of Next.js, you will need to explicitly configure "allowedDevOrigins" in next.config to allow this.
Read more: https://nextjs.org/docs/app/api-reference/config/next-config-js/allowedDevOrigins
 ✓ Compiled /icon.png in 277ms (390 modules)
 GET /icon.png?01721174c249e645 200 in 380ms
 ✓ Compiled /folder/[pillar] in 353ms (673 modules)
 ⨯ [Error: Page "/folder/[pillar]/page" is missing param "/folder/[pillar]" in "generateStaticParams()", which is required with "output: export" config.] {
  page: '/folder/DEEN'
}
 ○ Compiling /_error ...
 ✓ Compiled /_error in 660ms (1020 modules)
 GET /folder/DEEN 500 in 1896ms
 ⨯ [Error: Page "/folder/[pillar]/page" is missing param "/folder/[pillar]" in "generateStaticParams()", which is required with "output: export" config.] {
  page: '/folder/DEEN'
}
 GET /folder/DEEN 500 in 484ms
 ⨯ [Error: Page "/folder/[pillar]/page" is missing param "/folder/[pillar]" in "generateStaticParams()", which is required with "output: export" config.] {
  page: '/folder/DEEN'
}
 GET /folder/DEEN 500 in 455ms
 ⨯ [Error: Page "/folder/[pillar]/page" is missing param "/folder/[pillar]" in "generateStaticParams()", which is required with "output: export" config.] {
  page: '/folder/DEEN'
}
 GET /folder/DEEN 500 in 457ms
 ✓ Compiled /favicon.ico in 110ms (607 modules)
 GET /favicon.ico 200 in 137ms
 ⨯ [Error: Page "/folder/[pillar]/page" is missing param "/folder/[pillar]" in "generateStaticParams()", which is required with "output: export" config.] {
  page: '/folder/DEEN'
}
 GET /folder/DEEN 500 in 919ms
 GET /favicon.ico 200 in 28ms
 GET / 307 in 171ms
 GET /home 200 in 87ms
 GET /icon.png?01721174c249e645 200 in 28ms
 GET /favicon.ico 200 in 8ms
 GET /icon.png?01721174c249e645 200 in 20ms
 GET /favicon.ico 200 in 17ms
 ✓ Compiled in 736ms (984 modules)
 ✓ Compiled / in 116ms (567 modules)
 GET / 307 in 363ms
 GET /home 200 in 72ms
 GET /home 200 in 60ms
 GET / 307 in 622ms
 GET /home 200 in 92ms
 GET / 307 in 564ms
 GET /home 200 in 154ms
 ○ Compiling /favicon.ico ...
 ✓ Compiled /favicon.ico in 1070ms (584 modules)
 ✓ Compiled (586 modules)
 GET /icon.png?01721174c249e645 200 in 1198ms
 GET /icon.png?01721174c249e645 200 in 1439ms
 GET /favicon.ico 200 in 1430ms
 GET /favicon.ico 200 in 1206ms
   Reload env: .env.local
 ⚠ Fast Refresh had to perform a full reload. Read more: https://nextjs.org/docs/messages/fast-refresh-reload
 ✓ Compiled in 3.1s (1042 modules)
 GET /home 200 in 130ms
 GET /home 200 in 854ms
 GET /icon.png?01721174c249e645 200 in 25ms
 GET /favicon.ico 200 in 7ms
 GET /icon.png?01721174c249e645 200 in 8ms
 GET /favicon.ico 200 in 26ms
 GET / 307 in 38ms
 GET /home 200 in 71ms
 GET /icon.png?01721174c249e645 200 in 69ms
 GET /favicon.ico 200 in 45ms
 GET /icon.png?01721174c249e645 200 in 12ms
 GET /favicon.ico 200 in 8ms
 ✓ Compiled in 567ms (1015 modules)
 GET /home 200 in 181ms
 GET / 307 in 85ms
 GET /home 200 in 57ms
 GET /icon.png?01721174c249e645 200 in 30ms
 GET /favicon.ico 200 in 7ms
 GET /icon.png?01721174c249e645 200 in 14ms
 GET /favicon.ico 200 in 13ms
 ✓ Compiled in 580ms (1015 modules)
 GET /home 200 in 77ms
 GET /icon.png?01721174c249e645 200 in 30ms
 GET /icon.png?01721174c249e645 200 in 9ms
 GET /favicon.ico 200 in 14ms
 GET /favicon.ico 200 in 13ms
 GET /favicon.ico 200 in 4ms
 GET /home 200 in 123ms
 GET /home 200 in 96ms
 GET / 307 in 123ms
 GET /home 200 in 61ms
 GET /icon.png?01721174c249e645 200 in 23ms
 GET /favicon.ico 200 in 14ms
 GET /icon.png?01721174c249e645 200 in 17ms
 GET /favicon.ico 200 in 11ms
 ✓ Compiled in 599ms (984 modules)
 GET /home 200 in 91ms
 ✓ Compiled /favicon.ico in 58ms (572 modules)
 ✓ Compiled (574 modules)
 GET /icon.png?01721174c249e645 200 in 175ms
 GET /icon.png?01721174c249e645 200 in 185ms
 GET /favicon.ico 200 in 171ms
 GET /favicon.ico 200 in 165ms
 GET /favicon.ico 200 in 134ms
 GET /home 200 in 146ms
 ✓ Compiled / in 178ms (586 modules)
 GET / 307 in 382ms
 GET /home 200 in 67ms
 GET /icon.png?01721174c249e645 200 in 34ms
 GET /favicon.ico 200 in 35ms
 GET /icon.png?01721174c249e645 200 in 15ms
 GET /favicon.ico 200 in 15ms
 GET / 307 in 35ms
 GET /home 200 in 62ms
 GET /icon.png?01721174c249e645 200 in 27ms
 GET /favicon.ico 200 in 28ms
 GET /icon.png?01721174c249e645 200 in 16ms
 GET /favicon.ico 200 in 9ms
 GET / 307 in 178ms
 GET /home 200 in 135ms
 GET /icon.png?01721174c249e645 200 in 22ms
 GET /favicon.ico 200 in 8ms
 GET /icon.png?01721174c249e645 200 in 18ms
 GET /favicon.ico 200 in 23ms
 GET / 307 in 221ms
 GET /home 200 in 4ms
 GET / 307 in 114ms
 GET /home 200 in 155ms
 GET /icon.png?01721174c249e645 200 in 24ms
 GET /favicon.ico 200 in 23ms
 GET /home 200 in 71ms
 GET /icon.png?01721174c249e645 200 in 3ms
 GET /favicon.ico 200 in 3ms
 GET /home 200 in 107ms
 GET /icon.png?01721174c249e645 200 in 20ms
 GET /favicon.ico 200 in 12ms
 GET /icon.png?01721174c249e645 200 in 16ms
 GET /favicon.ico 200 in 21ms
 GET /home 200 in 111ms
 GET /home 200 in 58ms
 GET /home 200 in 58ms
 GET /icon.png?01721174c249e645 200 in 23ms
 GET /favicon.ico 200 in 26ms
 GET /icon.png?01721174c249e645 200 in 10ms
 GET /favicon.ico 200 in 10ms
 GET /home 200 in 79ms
 GET /home 200 in 91ms
 GET /home 200 in 67ms
 GET /home 200 in 57ms
 GET /icon.png?01721174c249e645 200 in 22ms
 GET /favicon.ico 200 in 23ms
 GET /icon.png?01721174c249e645 200 in 14ms
 GET /favicon.ico 200 in 7ms
 GET /home 200 in 125ms
 ✓ Compiled in 956ms (1003 modules)
 GET /home 200 in 175ms
 GET /icon.png?01721174c249e645 200 in 36ms
 GET /icon.png?01721174c249e645 200 in 7ms
 GET /favicon.ico 200 in 14ms
 GET /favicon.ico 200 in 11ms
 GET /favicon.ico 200 in 3ms
 GET /home 200 in 131ms
 GET /home 200 in 98ms
 GET /home 200 in 50ms
 GET /home 200 in 71ms
 GET /home 200 in 43ms
 GET /home 200 in 54ms
 GET /home 200 in 72ms
 GET /home 200 in 82ms
 GET /home 200 in 59ms
 GET /home 200 in 46ms
 GET /home 200 in 49ms
 GET /home 200 in 64ms
 GET /home 200 in 47ms
 GET /home 200 in 45ms
 GET /icon.png?01721174c249e645 200 in 17ms
 GET /favicon.ico 200 in 8ms
 GET /icon.png?01721174c249e645 200 in 14ms
 GET /favicon.ico 200 in 14ms
 ✓ Compiled / in 116ms (586 modules)
 GET / 307 in 419ms
 GET /home 200 in 67ms
 GET /icon.png?01721174c249e645 200 in 26ms
 GET /favicon.ico 200 in 30ms
 GET /icon.png?01721174c249e645 200 in 15ms
 GET /favicon.ico 200 in 14ms
 GET /home 200 in 64ms
 GET /icon.png?01721174c249e645 200 in 18ms
 GET /favicon.ico 200 in 22ms
 GET /icon.png?01721174c249e645 200 in 9ms
 GET /favicon.ico 200 in 12ms
 GET /home 200 in 75ms
 GET /home 200 in 44ms
 GET /home 200 in 44ms
 GET /icon.png?01721174c249e645 200 in 19ms
 GET /favicon.ico 200 in 5ms
 GET /home 200 in 65ms
 GET /home 200 in 43ms
 GET /icon.png?01721174c249e645 200 in 23ms
 GET /favicon.ico 200 in 26ms
 GET /icon.png?01721174c249e645 200 in 7ms
 GET /favicon.ico 200 in 7ms
 GET /home 200 in 68ms
 GET /home 200 in 43ms
 GET /icon.png?01721174c249e645 200 in 19ms
 GET /favicon.ico 200 in 22ms
 GET /icon.png?01721174c249e645 200 in 9ms
 GET /favicon.ico 200 in 12ms
   ▲ Next.js 15.5.19
   - Local:        http://localhost:3000
   - Network:      http://0.0.0.0:3000
   - Environments: .env.local

 ✓ Starting...
 ✓ Ready in 1680ms
 ○ Compiling /home ...
 ✓ Compiled /home in 584ms (605 modules)
 GET /home 200 in 913ms
 ⚠ Cross origin request detected from 10.140.137.237 to /_next/* resource. In a future major version of Next.js, you will need to explicitly configure "allowedDevOrigins" in next.config to allow this.
Read more: https://nextjs.org/docs/app/api-reference/config/next-config-js/allowedDevOrigins
 ✓ Compiled /favicon.ico in 411ms (378 modules)
 ✓ Compiled (380 modules)
 GET /icon.png?01721174c249e645 200 in 515ms
 GET /icon.png?01721174c249e645 200 in 529ms
 GET /favicon.ico 200 in 535ms
 GET /favicon.ico 200 in 498ms
 GET /home 200 in 162ms
 GET /icon.png?01721174c249e645 200 in 17ms
 GET /favicon.ico 200 in 11ms
 GET /icon.png?01721174c249e645 200 in 19ms
 GET /favicon.ico 200 in 7ms
 ✓ Compiled in 2.7s (638 modules)
 GET /home 200 in 190ms
 ✓ Compiled / in 189ms (618 modules)
 GET / 307 in 183ms
 GET /home 200 in 65ms
 ✓ Compiled /favicon.ico in 74ms (390 modules)
 ✓ Compiled (392 modules)
 GET /icon.png?01721174c249e645 200 in 149ms
 GET /icon.png?01721174c249e645 200 in 212ms
 GET /favicon.ico 200 in 215ms
 GET /favicon.ico 200 in 121ms
 GET /home 200 in 135ms
 GET /icon.png?01721174c249e645 200 in 24ms
 GET /favicon.ico 200 in 26ms
 GET /icon.png?01721174c249e645 200 in 9ms
 GET /favicon.ico 200 in 7ms
 GET /home 200 in 92ms
 GET /home 200 in 44ms
 GET /home 200 in 44ms
 GET /home 200 in 42ms
 GET /home 200 in 48ms
 GET /home 200 in 45ms
 GET /home 200 in 46ms
 GET /home 200 in 46ms
 GET /home 200 in 46ms
 GET /icon.png?01721174c249e645 200 in 19ms
 GET /favicon.ico 200 in 21ms
 GET /icon.png?01721174c249e645 200 in 14ms
 GET /favicon.ico 200 in 11ms
 ✓ Compiled in 1893ms (651 modules)
 GET /home 200 in 76ms
 GET /icon.png?01721174c249e645 200 in 36ms
 GET /favicon.ico 200 in 43ms
 GET /icon.png?01721174c249e645 200 in 16ms
 GET /favicon.ico 200 in 18ms
 GET /favicon.ico 200 in 17ms
 GET /home 200 in 144ms
 GET /home 200 in 80ms
 GET /home 200 in 68ms
 GET /home 200 in 91ms
 GET /icon.png?01721174c249e645 200 in 20ms
 GET /favicon.ico 200 in 11ms
 GET /icon.png?01721174c249e645 200 in 17ms
 GET /favicon.ico 200 in 11ms
 GET /home 200 in 128ms
 GET /home 200 in 58ms
 GET /home 200 in 59ms
 GET /home 200 in 104ms
 GET /icon.png?01721174c249e645 200 in 20ms
 GET /favicon.ico 200 in 18ms
 GET /icon.png?01721174c249e645 200 in 18ms
 GET /favicon.ico 200 in 20ms
 GET / 307 in 51ms
 GET /home 200 in 60ms
 GET / 307 in 26ms
 GET /home 200 in 42ms
 GET /icon.png?01721174c249e645 200 in 23ms
 GET /favicon.ico 200 in 16ms
 GET /icon.png?01721174c249e645 200 in 14ms
 GET /favicon.ico 200 in 14ms
 GET /home 200 in 59ms
 GET /icon.png?01721174c249e645 200 in 16ms
 GET /favicon.ico 200 in 8ms
 GET /icon.png?01721174c249e645 200 in 14ms
 GET /favicon.ico 200 in 10ms
 GET /home 200 in 59ms
 GET /icon.png?01721174c249e645 200 in 16ms
 GET /favicon.ico 200 in 10ms
 GET /icon.png?01721174c249e645 200 in 14ms
 GET /favicon.ico 200 in 9ms
 GET /home 200 in 69ms
 GET /icon.png?01721174c249e645 200 in 20ms
 GET /favicon.ico 200 in 21ms
 GET /icon.png?01721174c249e645 200 in 8ms
 GET /favicon.ico 200 in 6ms
 GET /home 200 in 85ms
 GET /icon.png?01721174c249e645 200 in 15ms
 GET /favicon.ico 200 in 9ms
 GET /icon.png?01721174c249e645 200 in 15ms
 GET /favicon.ico 200 in 7ms
 GET /home 200 in 60ms
 GET /icon.png?01721174c249e645 200 in 18ms
 GET /favicon.ico 200 in 20ms
 GET /icon.png?01721174c249e645 200 in 9ms
 GET /favicon.ico 200 in 9ms
 GET /home 200 in 126ms
 GET /home 200 in 138ms
 GET /favicon.ico 200 in 16ms
 ⚠ Found a change in next.config.ts. Restarting the server to apply the changes...
   ▲ Next.js 15.5.19
   - Local:        http://localhost:3000
   - Network:      http://0.0.0.0:3000
   - Environments: .env.local

 ✓ Starting...
 ✓ Ready in 1781ms
 ○ Compiling / ...
 ✓ Compiled / in 3.3s (597 modules)
 GET / 307 in 3744ms
 ○ Compiling /home ...
 ✓ Compiled /home in 1814ms (632 modules)
 GET /home 200 in 2022ms
 ⚠ Cross origin request detected from 10.140.137.237 to /_next/* resource. In a future major version of Next.js, you will need to explicitly configure "allowedDevOrigins" in next.config to allow this.
Read more: https://nextjs.org/docs/app/api-reference/config/next-config-js/allowedDevOrigins
 ✓ Compiled /favicon.ico in 142ms (390 modules)
 ✓ Compiled (392 modules)
 GET /icon.png?01721174c249e645 200 in 148ms
 GET /icon.png?01721174c249e645 200 in 293ms
 GET /favicon.ico 200 in 299ms
 GET /favicon.ico 200 in 143ms
 GET /home 200 in 141ms
 GET /icon.png?01721174c249e645 200 in 16ms
 GET /favicon.ico 200 in 10ms
 GET /icon.png?01721174c249e645 200 in 17ms
 GET /favicon.ico 200 in 7ms
 GET /home 200 in 109ms
 GET /icon.png?01721174c249e645 200 in 29ms
 GET /favicon.ico 200 in 27ms
 GET /icon.png?01721174c249e645 200 in 14ms
 GET /favicon.ico 200 in 12ms
 ✓ Compiled in 634ms (639 modules)
 GET /home 200 in 87ms
 GET /icon.png?01721174c249e645 200 in 26ms
 GET /favicon.ico 200 in 9ms
 GET /favicon.ico 200 in 12ms
 GET /icon.png?01721174c249e645 200 in 11ms
 GET /favicon.ico 200 in 7ms
 ✓ Compiled in 510ms (639 modules)
 GET /home 200 in 61ms
 GET /icon.png?01721174c249e645 200 in 16ms
 GET /icon.png?01721174c249e645 200 in 22ms
 GET /favicon.ico 200 in 15ms
 GET /favicon.ico 200 in 15ms
 GET /favicon.ico 200 in 10ms
 ✓ Compiled in 490ms (639 modules)
 GET /home 200 in 61ms
 GET /icon.png?01721174c249e645 200 in 9ms
 GET /icon.png?01721174c249e645 200 in 7ms
 GET /favicon.ico 200 in 12ms
 GET /favicon.ico 200 in 10ms
 GET /favicon.ico 200 in 6ms
 GET /home 200 in 177ms
 GET /home 200 in 50ms
 GET /home 200 in 49ms
 GET /home 200 in 43ms
 GET /icon.png?01721174c249e645 200 in 20ms
 GET /favicon.ico 200 in 21ms
 GET /icon.png?01721174c249e645 200 in 9ms
 GET /favicon.ico 200 in 4ms
 GET /home 200 in 128ms
 GET /icon.png?01721174c249e645 200 in 25ms
 GET /favicon.ico 200 in 17ms
 GET /icon.png?01721174c249e645 200 in 27ms
 GET /favicon.ico 200 in 9ms
 GET /home 200 in 66ms
 GET /icon.png?01721174c249e645 200 in 20ms
 GET /favicon.ico 200 in 10ms
 GET /icon.png?01721174c249e645 200 in 23ms
 GET /favicon.ico 200 in 7ms
 GET /home 200 in 103ms
 GET /icon.png?01721174c249e645 200 in 22ms
 GET /favicon.ico 200 in 7ms
 GET /icon.png?01721174c249e645 200 in 17ms
 GET /favicon.ico 200 in 10ms
 GET /home 200 in 94ms
 GET /icon.png?01721174c249e645 200 in 31ms
 GET /favicon.ico 200 in 16ms
 GET /icon.png?01721174c249e645 200 in 13ms
 GET /favicon.ico 200 in 11ms
 ✓ Compiled in 692ms (620 modules)
 GET /home 200 in 87ms
 ✓ Compiled /icon.png in 115ms (378 modules)
 ✓ Compiled /favicon.ico in 42ms (380 modules)
 GET /icon.png?01721174c249e645 200 in 418ms
 GET /icon.png?01721174c249e645 200 in 380ms
 GET /favicon.ico 200 in 314ms
 GET /favicon.ico 200 in 314ms
 GET /favicon.ico 200 in 229ms
 GET /favicon.ico 200 in 25ms
 ✓ Compiled / in 199ms (392 modules)
 GET / 307 in 110ms
 GET /home 200 in 163ms
 GET /home 200 in 62ms
 GET /icon.png?01721174c249e645 200 in 38ms
 GET /favicon.ico 200 in 13ms
 GET /icon.png?01721174c249e645 200 in 19ms
 GET /favicon.ico 200 in 24ms
 GET /icon.png?01721174c249e645 200 in 21ms
 GET /icon.png?01721174c249e645 200 in 15ms
 GET /favicon.ico 200 in 16ms
 GET /favicon.ico 200 in 16ms
 ✓ Compiled in 720ms (651 modules)
 ✓ Compiled in 932ms (620 modules)
 ○ Compiling / ...
 ✓ Compiled / in 1043ms (373 modules)
 GET / 307 in 389ms
 GET / 307 in 44ms
 GET /home 200 in 71ms
 ✓ Compiled /favicon.ico in 116ms (390 modules)
 ✓ Compiled (392 modules)
 GET /icon.png?01721174c249e645 200 in 407ms
 GET /icon.png?01721174c249e645 200 in 540ms
 GET /favicon.ico 200 in 523ms
 GET /favicon.ico 200 in 364ms
