
> frontend@0.1.0 dev
> next dev

   ▲ Next.js 15.1.0
   - Local:        http://localhost:3000
   - Network:      http://10.123.239.237:3000
   - Environments: .env.local

 ✓ Starting...
 ✓ Ready in 1385ms
 ○ Compiling / ...
 ✓ Compiled / in 1551ms (1722 modules)
 HEAD / 200 in 1965ms
 GET / 200 in 75ms
 ✓ Compiled /favicon.ico in 260ms (895 modules)
 GET /favicon.ico 200 in 377ms
 ✓ Compiled /command in 450ms (1807 modules)
 GET /command 200 in 508ms
 ✓ Compiled in 4.2s (1816 modules)
 GET /command 200 in 112ms
 HEAD /command 200 in 46ms
 GET /command 200 in 53ms
 ✓ Compiled /chat in 422ms (1813 modules)
 GET /chat 200 in 483ms
 ✓ Compiled /log in 297ms (1822 modules)
 GET /log 200 in 360ms
 GET /command 200 in 25ms
 GET /log 200 in 7ms
 GET /command 200 in 18ms
 ✓ Compiled /patterns in 420ms (1837 modules)
 GET /patterns 200 in 511ms
 GET /command 200 in 25ms
 ✓ Compiled in 2.3s (1851 modules)
 GET /command 200 in 36ms
 GET /command 200 in 5ms
 ✓ Compiled in 369ms (908 modules)
 GET /command 200 in 11ms
 GET /command 200 in 5ms
 ✓ Compiled in 1027ms (1851 modules)
 GET /command 200 in 41ms
 GET /command 200 in 4ms
 ✓ Compiled in 1522ms (1855 modules)
 GET /command 200 in 66ms
 ⚠ Fast Refresh had to perform a full reload due to a runtime error.
 ⚠ Fast Refresh had to perform a full reload due to a runtime error.
 GET /command 200 in 260ms
 GET /command 200 in 149ms
 GET /command 200 in 68ms
 ○ Compiling /favicon.ico ...
 ✓ Compiled /favicon.ico in 928ms (960 modules)
 GET /favicon.ico 200 in 1098ms
 GET /favicon.ico 200 in 3ms
 HEAD /command 200 in 124ms
 ✓ Compiled in 861ms (910 modules)
 ⚠ Fast Refresh had to perform a full reload due to a runtime error.
 GET /command 200 in 38ms
 GET /command 200 in 11ms
 GET /favicon.ico 200 in 32ms
 GET /favicon.ico 200 in 8ms
 ✓ Compiled in 1054ms (1870 modules)
 ⚠ Unsupported metadata viewport is configured in metadata export in /command. Please move it to viewport export instead.
Read more: https://nextjs.org/docs/app/api-reference/functions/generate-viewport
 ⚠ Fast Refresh had to perform a full reload due to a runtime error.
 GET /command 200 in 127ms
 ⚠ Unsupported metadata viewport is configured in metadata export in /command. Please move it to viewport export instead.
Read more: https://nextjs.org/docs/app/api-reference/functions/generate-viewport
 GET /command 200 in 16ms
 GET /favicon.ico 200 in 62ms
 GET /favicon.ico 200 in 59ms
 ⚠ Fast Refresh had to perform a full reload due to a runtime error.
 ⚠ Fast Refresh had to perform a full reload due to a runtime error.
 ○ Compiling /_not-found ...
 ✓ Compiled /_not-found in 631ms (1860 modules)
 ⚠ Unsupported metadata viewport is configured in metadata export in /icon-192.png. Please move it to viewport export instead.
Read more: https://nextjs.org/docs/app/api-reference/functions/generate-viewport
 ⚠ Unsupported metadata viewport is configured in metadata export in /command. Please move it to viewport export instead.
Read more: https://nextjs.org/docs/app/api-reference/functions/generate-viewport
 ⚠ Unsupported metadata viewport is configured in metadata export in /icon-192.png. Please move it to viewport export instead.
Read more: https://nextjs.org/docs/app/api-reference/functions/generate-viewport
 GET /icon-192.png 404 in 108ms
 GET /icon-192.png 404 in 900ms
 GET /command 200 in 408ms
 ⚠ Unsupported metadata viewport is configured in metadata export in /command. Please move it to viewport export instead.
Read more: https://nextjs.org/docs/app/api-reference/functions/generate-viewport
 GET /command 200 in 48ms
 ⚠ Unsupported metadata viewport is configured in metadata export in /icon-192.png. Please move it to viewport export instead.
Read more: https://nextjs.org/docs/app/api-reference/functions/generate-viewport
 GET /favicon.ico 200 in 33ms
 ⚠ Unsupported metadata viewport is configured in metadata export in /icon-192.png. Please move it to viewport export instead.
Read more: https://nextjs.org/docs/app/api-reference/functions/generate-viewport
 GET /icon-192.png 404 in 81ms
 GET /favicon.ico 200 in 53ms
 GET /icon-192.png 404 in 66ms
 ✓ Compiled in 752ms (1886 modules)
 ⚠ Unsupported metadata viewport is configured in metadata export in /command. Please move it to viewport export instead.
Read more: https://nextjs.org/docs/app/api-reference/functions/generate-viewport
 ⚠ Fast Refresh had to perform a full reload due to a runtime error.
 GET /command 200 in 125ms
 ⚠ Fast Refresh had to perform a full reload due to a runtime error.
 ⚠ Unsupported metadata viewport is configured in metadata export in /command. Please move it to viewport export instead.
Read more: https://nextjs.org/docs/app/api-reference/functions/generate-viewport
 GET /command 200 in 50ms
 ⚠ Unsupported metadata viewport is configured in metadata export in /icon-192.png. Please move it to viewport export instead.
Read more: https://nextjs.org/docs/app/api-reference/functions/generate-viewport
 GET /favicon.ico 200 in 30ms
 ⚠ Unsupported metadata viewport is configured in metadata export in /icon-192.png. Please move it to viewport export instead.
Read more: https://nextjs.org/docs/app/api-reference/functions/generate-viewport
 GET /icon-192.png 404 in 82ms
 GET /favicon.ico 200 in 58ms
 GET /icon-192.png 404 in 103ms
 ⚠ Fast Refresh had to perform a full reload due to a runtime error.
 ⚠ Fast Refresh had to perform a full reload due to a runtime error.
 ✓ Compiled in 899ms (1867 modules)
 ⚠ Unsupported metadata viewport is configured in metadata export in /command. Please move it to viewport export instead.
Read more: https://nextjs.org/docs/app/api-reference/functions/generate-viewport
 GET /command 200 in 534ms
 ⚠ Unsupported metadata viewport is configured in metadata export in /command. Please move it to viewport export instead.
Read more: https://nextjs.org/docs/app/api-reference/functions/generate-viewport
 GET /command 200 in 6ms
 ✓ Compiled /favicon.ico in 177ms (966 modules)
 GET /favicon.ico 200 in 391ms
 GET /favicon.ico 200 in 15ms
 ✓ Compiled in 465ms (1882 modules)
 ⚠ Unsupported metadata viewport is configured in metadata export in /command. Please move it to viewport export instead.
Read more: https://nextjs.org/docs/app/api-reference/functions/generate-viewport
 GET /command 200 in 37ms
 ⚠ Unsupported metadata viewport is configured in metadata export in /command. Please move it to viewport export instead.
Read more: https://nextjs.org/docs/app/api-reference/functions/generate-viewport
 GET /command 200 in 12ms
 ✓ Compiled in 490ms (1882 modules)
 ⚠ Unsupported metadata viewport is configured in metadata export in /command. Please move it to viewport export instead.
Read more: https://nextjs.org/docs/app/api-reference/functions/generate-viewport
 GET /command 200 in 47ms
 ⚠ Unsupported metadata viewport is configured in metadata export in /command. Please move it to viewport export instead.
Read more: https://nextjs.org/docs/app/api-reference/functions/generate-viewport
 GET /command 200 in 13ms
 ✓ Compiled in 810ms (1867 modules)
 ⚠ Unsupported metadata viewport is configured in metadata export in /command. Please move it to viewport export instead.
Read more: https://nextjs.org/docs/app/api-reference/functions/generate-viewport
 GET /command 200 in 104ms
 ⚠ Unsupported metadata viewport is configured in metadata export in /command. Please move it to viewport export instead.
Read more: https://nextjs.org/docs/app/api-reference/functions/generate-viewport
 GET /command 200 in 7ms
 ✓ Compiled in 405ms (916 modules)
 ⚠ Unsupported metadata viewport is configured in metadata export in /command. Please move it to viewport export instead.
Read more: https://nextjs.org/docs/app/api-reference/functions/generate-viewport
 GET /command 200 in 16ms
 ⚠ Unsupported metadata viewport is configured in metadata export in /command. Please move it to viewport export instead.
Read more: https://nextjs.org/docs/app/api-reference/functions/generate-viewport
 GET /command 200 in 11ms
 ✓ Compiled in 744ms (1853 modules)
 ⚠ Unsupported metadata viewport is configured in metadata export in /command. Please move it to viewport export instead.
Read more: https://nextjs.org/docs/app/api-reference/functions/generate-viewport
 GET /command 200 in 58ms
 ⚠ Unsupported metadata viewport is configured in metadata export in /command. Please move it to viewport export instead.
Read more: https://nextjs.org/docs/app/api-reference/functions/generate-viewport
 GET /command 200 in 49ms
 ✓ Compiled in 805ms (1853 modules)
 ⚠ Unsupported metadata viewport is configured in metadata export in /command. Please move it to viewport export instead.
Read more: https://nextjs.org/docs/app/api-reference/functions/generate-viewport
 GET /command 200 in 29ms
 ⚠ Unsupported metadata viewport is configured in metadata export in /command. Please move it to viewport export instead.
Read more: https://nextjs.org/docs/app/api-reference/functions/generate-viewport
 GET /command 200 in 4ms
 ⚠ Unsupported metadata viewport is configured in metadata export in /command. Please move it to viewport export instead.
Read more: https://nextjs.org/docs/app/api-reference/functions/generate-viewport
 GET /command 200 in 125ms
 ✓ Compiled in 872ms (1853 modules)
 ⚠ Unsupported metadata viewport is configured in metadata export in /command. Please move it to viewport export instead.
Read more: https://nextjs.org/docs/app/api-reference/functions/generate-viewport
 GET /command 200 in 404ms
 ⚠ Unsupported metadata viewport is configured in metadata export in /command. Please move it to viewport export instead.
Read more: https://nextjs.org/docs/app/api-reference/functions/generate-viewport
 GET /command 200 in 12ms
 ⚠ Unsupported metadata viewport is configured in metadata export in /command. Please move it to viewport export instead.
Read more: https://nextjs.org/docs/app/api-reference/functions/generate-viewport
 GET /command 200 in 106ms
 ✓ Compiled in 1553ms (1869 modules)
 ⚠ Unsupported metadata viewport is configured in metadata export in /command. Please move it to viewport export instead.
Read more: https://nextjs.org/docs/app/api-reference/functions/generate-viewport
 GET /command 200 in 52ms
 ⚠ Unsupported metadata viewport is configured in metadata export in /command. Please move it to viewport export instead.
Read more: https://nextjs.org/docs/app/api-reference/functions/generate-viewport
 GET /command 200 in 8ms
 ○ Compiling /workout ...
 ✓ Compiled /workout in 749ms (1868 modules)
 ⚠ Unsupported metadata viewport is configured in metadata export in /workout. Please move it to viewport export instead.
Read more: https://nextjs.org/docs/app/api-reference/functions/generate-viewport
 GET /workout 200 in 830ms
 ⚠ Unsupported metadata viewport is configured in metadata export in /command. Please move it to viewport export instead.
Read more: https://nextjs.org/docs/app/api-reference/functions/generate-viewport
 GET /command 200 in 32ms
 ✓ Compiled in 864ms (1874 modules)
 ✓ Compiled in 3.7s (1874 modules)
 ✓ Compiled /workout in 405ms (960 modules)
 ⨯ Error: Cannot find module './638.js'
Require stack:
- /Users/krdeeksha/Virtual-mind/frontend/.next/server/webpack-runtime.js
- /Users/krdeeksha/Virtual-mind/frontend/.next/server/app/workout/page.js
- /Users/krdeeksha/Virtual-mind/frontend/node_modules/next/dist/server/require.js
- /Users/krdeeksha/Virtual-mind/frontend/node_modules/next/dist/server/load-components.js
- /Users/krdeeksha/Virtual-mind/frontend/node_modules/next/dist/build/utils.js
- /Users/krdeeksha/Virtual-mind/frontend/node_modules/next/dist/build/swc/options.js
- /Users/krdeeksha/Virtual-mind/frontend/node_modules/next/dist/build/swc/index.js
- /Users/krdeeksha/Virtual-mind/frontend/node_modules/next/dist/build/next-config-ts/transpile-config.js
- /Users/krdeeksha/Virtual-mind/frontend/node_modules/next/dist/server/config.js
- /Users/krdeeksha/Virtual-mind/frontend/node_modules/next/dist/server/next.js
- /Users/krdeeksha/Virtual-mind/frontend/node_modules/next/dist/server/lib/start-server.js
    at __webpack_require__.f.require (.next/server/webpack-runtime.js:198:28)
    at <unknown> (.next/server/webpack-runtime.js:111:40)
    at Array.reduce (<anonymous>)
    at __webpack_require__.e (.next/server/webpack-runtime.js:110:67)
    at Array.map (<anonymous>)
    at __webpack_require__.X (.next/server/webpack-runtime.js:162:22)
    at <unknown> (.next/server/app/workout/page.js:1:17476)
    at Object.<anonymous> (.next/server/app/workout/page.js:1:17524) {
  code: 'MODULE_NOT_FOUND',
  requireStack: [Array],
  page: '/workout'
}
 ○ Compiling /_error ...
 ✓ Compiled /_error in 1424ms (2110 modules)
 GET /workout 500 in 2408ms
 ⨯ Error: Cannot find module './638.js'
Require stack:
- /Users/krdeeksha/Virtual-mind/frontend/.next/server/webpack-runtime.js
- /Users/krdeeksha/Virtual-mind/frontend/.next/server/pages/_document.js
- /Users/krdeeksha/Virtual-mind/frontend/node_modules/next/dist/server/require.js
- /Users/krdeeksha/Virtual-mind/frontend/node_modules/next/dist/server/load-components.js
- /Users/krdeeksha/Virtual-mind/frontend/node_modules/next/dist/build/utils.js
- /Users/krdeeksha/Virtual-mind/frontend/node_modules/next/dist/build/swc/options.js
- /Users/krdeeksha/Virtual-mind/frontend/node_modules/next/dist/build/swc/index.js
- /Users/krdeeksha/Virtual-mind/frontend/node_modules/next/dist/build/next-config-ts/transpile-config.js
- /Users/krdeeksha/Virtual-mind/frontend/node_modules/next/dist/server/config.js
- /Users/krdeeksha/Virtual-mind/frontend/node_modules/next/dist/server/next.js
- /Users/krdeeksha/Virtual-mind/frontend/node_modules/next/dist/server/lib/start-server.js
    at __webpack_require__.f.require (.next/server/webpack-runtime.js:198:28)
    at <unknown> (.next/server/webpack-runtime.js:111:40)
    at Array.reduce (<anonymous>)
    at __webpack_require__.e (.next/server/webpack-runtime.js:110:67)
    at Array.map (<anonymous>)
    at __webpack_require__.X (.next/server/webpack-runtime.js:162:22)
    at <unknown> (.next/server/app/workout/page.js:1:17476)
    at Object.<anonymous> (.next/server/app/workout/page.js:1:17524) {
  code: 'MODULE_NOT_FOUND',
  requireStack: [Array],
  page: '/workout'
}
 GET /workout 500 in 240ms
 ⨯ Error: Cannot find module './638.js'
Require stack:
- /Users/krdeeksha/Virtual-mind/frontend/.next/server/webpack-runtime.js
- /Users/krdeeksha/Virtual-mind/frontend/.next/server/pages/_document.js
- /Users/krdeeksha/Virtual-mind/frontend/node_modules/next/dist/server/require.js
- /Users/krdeeksha/Virtual-mind/frontend/node_modules/next/dist/server/load-components.js
- /Users/krdeeksha/Virtual-mind/frontend/node_modules/next/dist/build/utils.js
- /Users/krdeeksha/Virtual-mind/frontend/node_modules/next/dist/build/swc/options.js
- /Users/krdeeksha/Virtual-mind/frontend/node_modules/next/dist/build/swc/index.js
- /Users/krdeeksha/Virtual-mind/frontend/node_modules/next/dist/build/next-config-ts/transpile-config.js
- /Users/krdeeksha/Virtual-mind/frontend/node_modules/next/dist/server/config.js
- /Users/krdeeksha/Virtual-mind/frontend/node_modules/next/dist/server/next.js
- /Users/krdeeksha/Virtual-mind/frontend/node_modules/next/dist/server/lib/start-server.js
    at __webpack_require__.f.require (.next/server/webpack-runtime.js:198:28)
    at <unknown> (.next/server/webpack-runtime.js:111:40)
    at Array.reduce (<anonymous>)
    at __webpack_require__.e (.next/server/webpack-runtime.js:110:67)
    at Array.map (<anonymous>)
    at __webpack_require__.X (.next/server/webpack-runtime.js:162:22)
    at <unknown> (.next/server/app/workout/page.js:1:17476)
    at Object.<anonymous> (.next/server/app/workout/page.js:1:17524) {
  code: 'MODULE_NOT_FOUND',
  requireStack: [Array],
  page: '/workout'
}
 GET /workout 500 in 242ms
 ⨯ Error: Cannot find module './638.js'
Require stack:
- /Users/krdeeksha/Virtual-mind/frontend/.next/server/webpack-runtime.js
- /Users/krdeeksha/Virtual-mind/frontend/.next/server/pages/_document.js
- /Users/krdeeksha/Virtual-mind/frontend/node_modules/next/dist/server/require.js
- /Users/krdeeksha/Virtual-mind/frontend/node_modules/next/dist/server/load-components.js
- /Users/krdeeksha/Virtual-mind/frontend/node_modules/next/dist/build/utils.js
- /Users/krdeeksha/Virtual-mind/frontend/node_modules/next/dist/build/swc/options.js
- /Users/krdeeksha/Virtual-mind/frontend/node_modules/next/dist/build/swc/index.js
- /Users/krdeeksha/Virtual-mind/frontend/node_modules/next/dist/build/next-config-ts/transpile-config.js
- /Users/krdeeksha/Virtual-mind/frontend/node_modules/next/dist/server/config.js
- /Users/krdeeksha/Virtual-mind/frontend/node_modules/next/dist/server/next.js
- /Users/krdeeksha/Virtual-mind/frontend/node_modules/next/dist/server/lib/start-server.js
    at __webpack_require__.f.require (.next/server/webpack-runtime.js:198:28)
    at <unknown> (.next/server/webpack-runtime.js:111:40)
    at Array.reduce (<anonymous>)
    at __webpack_require__.e (.next/server/webpack-runtime.js:110:67)
    at Array.map (<anonymous>)
    at __webpack_require__.X (.next/server/webpack-runtime.js:162:22)
    at <unknown> (.next/server/app/workout/page.js:1:17476)
    at Object.<anonymous> (.next/server/app/workout/page.js:1:17524) {
  code: 'MODULE_NOT_FOUND',
  requireStack: [Array],
  page: '/workout'
}
 GET /workout 500 in 224ms
 ⨯ Error: Cannot find module './638.js'
Require stack:
- /Users/krdeeksha/Virtual-mind/frontend/.next/server/webpack-runtime.js
- /Users/krdeeksha/Virtual-mind/frontend/.next/server/pages/_document.js
- /Users/krdeeksha/Virtual-mind/frontend/node_modules/next/dist/server/require.js
- /Users/krdeeksha/Virtual-mind/frontend/node_modules/next/dist/server/load-components.js
- /Users/krdeeksha/Virtual-mind/frontend/node_modules/next/dist/build/utils.js
- /Users/krdeeksha/Virtual-mind/frontend/node_modules/next/dist/build/swc/options.js
- /Users/krdeeksha/Virtual-mind/frontend/node_modules/next/dist/build/swc/index.js
- /Users/krdeeksha/Virtual-mind/frontend/node_modules/next/dist/build/next-config-ts/transpile-config.js
- /Users/krdeeksha/Virtual-mind/frontend/node_modules/next/dist/server/config.js
- /Users/krdeeksha/Virtual-mind/frontend/node_modules/next/dist/server/next.js
- /Users/krdeeksha/Virtual-mind/frontend/node_modules/next/dist/server/lib/start-server.js
    at __webpack_require__.f.require (.next/server/webpack-runtime.js:198:28)
    at <unknown> (.next/server/webpack-runtime.js:111:40)
    at Array.reduce (<anonymous>)
    at __webpack_require__.e (.next/server/webpack-runtime.js:110:67)
    at Array.map (<anonymous>)
    at __webpack_require__.X (.next/server/webpack-runtime.js:162:22)
    at <unknown> (.next/server/app/workout/page.js:1:17476)
    at Object.<anonymous> (.next/server/app/workout/page.js:1:17524) {
  code: 'MODULE_NOT_FOUND',
  requireStack: [Array],
  page: '/workout'
}
 GET /workout 500 in 244ms
 ✓ Compiled in 596ms (1119 modules)
 ⚠ Fast Refresh had to perform a full reload due to a runtime error.
 GET /workout 200 in 25ms
 ⨯ Error: Cannot find module './638.js'
Require stack:
- /Users/krdeeksha/Virtual-mind/frontend/.next/server/webpack-runtime.js
- /Users/krdeeksha/Virtual-mind/frontend/.next/server/pages/_document.js
- /Users/krdeeksha/Virtual-mind/frontend/node_modules/next/dist/server/require.js
- /Users/krdeeksha/Virtual-mind/frontend/node_modules/next/dist/server/load-components.js
- /Users/krdeeksha/Virtual-mind/frontend/node_modules/next/dist/build/utils.js
- /Users/krdeeksha/Virtual-mind/frontend/node_modules/next/dist/build/swc/options.js
- /Users/krdeeksha/Virtual-mind/frontend/node_modules/next/dist/build/swc/index.js
- /Users/krdeeksha/Virtual-mind/frontend/node_modules/next/dist/build/next-config-ts/transpile-config.js
- /Users/krdeeksha/Virtual-mind/frontend/node_modules/next/dist/server/config.js
- /Users/krdeeksha/Virtual-mind/frontend/node_modules/next/dist/server/next.js
- /Users/krdeeksha/Virtual-mind/frontend/node_modules/next/dist/server/lib/start-server.js
    at __webpack_require__.f.require (.next/server/webpack-runtime.js:198:28)
    at <unknown> (.next/server/webpack-runtime.js:111:40)
    at Array.reduce (<anonymous>)
    at __webpack_require__.e (.next/server/webpack-runtime.js:110:67)
    at Array.map (<anonymous>)
    at __webpack_require__.X (.next/server/webpack-runtime.js:162:22)
    at <unknown> (.next/server/app/workout/page.js:1:17476)
    at Object.<anonymous> (.next/server/app/workout/page.js:1:17524) {
  code: 'MODULE_NOT_FOUND',
  requireStack: [Array],
  page: '/workout'
}
 ⨯ Error: Cannot find module './638.js'
Require stack:
- /Users/krdeeksha/Virtual-mind/frontend/.next/server/webpack-runtime.js
- /Users/krdeeksha/Virtual-mind/frontend/.next/server/pages/_document.js
- /Users/krdeeksha/Virtual-mind/frontend/node_modules/next/dist/server/require.js
- /Users/krdeeksha/Virtual-mind/frontend/node_modules/next/dist/server/load-components.js
- /Users/krdeeksha/Virtual-mind/frontend/node_modules/next/dist/build/utils.js
- /Users/krdeeksha/Virtual-mind/frontend/node_modules/next/dist/build/swc/options.js
- /Users/krdeeksha/Virtual-mind/frontend/node_modules/next/dist/build/swc/index.js
- /Users/krdeeksha/Virtual-mind/frontend/node_modules/next/dist/build/next-config-ts/transpile-config.js
- /Users/krdeeksha/Virtual-mind/frontend/node_modules/next/dist/server/config.js
- /Users/krdeeksha/Virtual-mind/frontend/node_modules/next/dist/server/next.js
- /Users/krdeeksha/Virtual-mind/frontend/node_modules/next/dist/server/lib/start-server.js
    at __webpack_require__.f.require (.next/server/webpack-runtime.js:198:28)
    at <unknown> (.next/server/webpack-runtime.js:111:40)
    at Array.reduce (<anonymous>)
    at __webpack_require__.e (.next/server/webpack-runtime.js:110:67)
    at Array.map (<anonymous>)
    at __webpack_require__.X (.next/server/webpack-runtime.js:162:22)
    at <unknown> (.next/server/app/workout/page.js:1:17476)
    at Object.<anonymous> (.next/server/app/workout/page.js:1:17524) {
  code: 'MODULE_NOT_FOUND',
  requireStack: [Array],
  page: '/workout'
}
 GET /workout 500 in 323ms
 ✓ Compiled /favicon.ico in 380ms (1020 modules)
 GET /favicon.ico 200 in 474ms
 ⨯ Error: Cannot find module './638.js'
Require stack:
- /Users/krdeeksha/Virtual-mind/frontend/.next/server/webpack-runtime.js
- /Users/krdeeksha/Virtual-mind/frontend/.next/server/app/favicon.ico/route.js
- /Users/krdeeksha/Virtual-mind/frontend/node_modules/next/dist/server/require.js
- /Users/krdeeksha/Virtual-mind/frontend/node_modules/next/dist/server/load-components.js
- /Users/krdeeksha/Virtual-mind/frontend/node_modules/next/dist/build/utils.js
- /Users/krdeeksha/Virtual-mind/frontend/node_modules/next/dist/build/swc/options.js
- /Users/krdeeksha/Virtual-mind/frontend/node_modules/next/dist/build/swc/index.js
- /Users/krdeeksha/Virtual-mind/frontend/node_modules/next/dist/build/next-config-ts/transpile-config.js
- /Users/krdeeksha/Virtual-mind/frontend/node_modules/next/dist/server/config.js
- /Users/krdeeksha/Virtual-mind/frontend/node_modules/next/dist/server/next.js
- /Users/krdeeksha/Virtual-mind/frontend/node_modules/next/dist/server/lib/start-server.js
    at __webpack_require__.f.require (.next/server/webpack-runtime.js:203:28)
    at <unknown> (.next/server/webpack-runtime.js:116:40)
    at Array.reduce (<anonymous>)
    at __webpack_require__.e (.next/server/webpack-runtime.js:115:67)
    at Array.map (<anonymous>)
    at __webpack_require__.X (.next/server/webpack-runtime.js:167:22)
    at <unknown> (.next/server/app/page.js:234:10721)
    at Object.<anonymous> (.next/server/app/page.js:234:10769) {
  code: 'MODULE_NOT_FOUND',
  requireStack: [Array],
  page: '/'
}
 ⨯ Error: Cannot find module './638.js'
Require stack:
- /Users/krdeeksha/Virtual-mind/frontend/.next/server/webpack-runtime.js
- /Users/krdeeksha/Virtual-mind/frontend/.next/server/app/favicon.ico/route.js
- /Users/krdeeksha/Virtual-mind/frontend/node_modules/next/dist/server/require.js
- /Users/krdeeksha/Virtual-mind/frontend/node_modules/next/dist/server/load-components.js
- /Users/krdeeksha/Virtual-mind/frontend/node_modules/next/dist/build/utils.js
- /Users/krdeeksha/Virtual-mind/frontend/node_modules/next/dist/build/swc/options.js
- /Users/krdeeksha/Virtual-mind/frontend/node_modules/next/dist/build/swc/index.js
- /Users/krdeeksha/Virtual-mind/frontend/node_modules/next/dist/build/next-config-ts/transpile-config.js
- /Users/krdeeksha/Virtual-mind/frontend/node_modules/next/dist/server/config.js
- /Users/krdeeksha/Virtual-mind/frontend/node_modules/next/dist/server/next.js
- /Users/krdeeksha/Virtual-mind/frontend/node_modules/next/dist/server/lib/start-server.js
    at __webpack_require__.f.require (.next/server/webpack-runtime.js:203:28)
    at <unknown> (.next/server/webpack-runtime.js:116:40)
    at Array.reduce (<anonymous>)
    at __webpack_require__.e (.next/server/webpack-runtime.js:115:67)
    at Array.map (<anonymous>)
    at __webpack_require__.X (.next/server/webpack-runtime.js:167:22)
    at <unknown> (.next/server/app/workout/page.js:1:17476)
    at Object.<anonymous> (.next/server/app/workout/page.js:1:17524) {
  code: 'MODULE_NOT_FOUND',
  requireStack: [Array],
  page: '/workout'
}
 ⚠ Unsupported metadata viewport is configured in metadata export in /command. Please move it to viewport export instead.
Read more: https://nextjs.org/docs/app/api-reference/functions/generate-viewport
 GET /command 200 in 183ms
 GET / 500 in 360ms
 GET /workout 500 in 363ms
 ○ Compiling /workout/session ...
 ✓ Compiled /workout/session in 1088ms (2154 modules)
 ⚠ Unsupported metadata viewport is configured in metadata export in /workout/session. Please move it to viewport export instead.
Read more: https://nextjs.org/docs/app/api-reference/functions/generate-viewport
 ✓ Compiled in 331ms (1132 modules)
 ✓ Compiled in 1012ms (2168 modules)
   Reload env: .env.local
 ✓ Compiled in 1281ms (2115 modules)
