
> frontend@0.1.0 dev
> next dev

   ▲ Next.js 15.1.0
   - Local:        http://localhost:3000
   - Network:      http://10.151.85.84:3000
   - Environments: .env.local

 ✓ Starting...
 ✓ Ready in 2.4s
 ○ Compiling / ...
 ✓ Compiled / in 3.9s (1722 modules)
 GET / 200 in 5359ms
 ○ Compiling /favicon.ico ...
 ✓ Compiled /favicon.ico in 1669ms (895 modules)
 GET /favicon.ico 200 in 1947ms
 ○ Compiling /command ...
 ✓ Compiled /command in 2.6s (1783 modules)
 GET /command 200 in 3081ms
 GET /command 200 in 65ms
 GET / 200 in 393ms
 ✓ Compiled /favicon.ico in 354ms (927 modules)
 GET /favicon.ico 200 in 472ms
 GET /command 200 in 139ms
 ○ Compiling /chat ...
 ✓ Compiled /chat in 511ms (1796 modules)
 GET /chat 200 in 660ms
 GET /command 200 in 26ms
 ✓ Compiled /log in 345ms (1809 modules)
 GET /log 200 in 411ms
 GET /command 200 in 58ms
 ○ Compiling /folder/[pillar] ...
 ✓ Compiled /folder/[pillar] in 1351ms (1820 modules)
 GET /folder/self 200 in 2173ms
 GET /folder/influence 200 in 655ms
 GET /command 200 in 40ms
 GET /chat 200 in 38ms
 GET /command 200 in 61ms
 GET /log 200 in 35ms
 GET /command 200 in 5ms
 ○ Compiling /aesthetic ...
 ✓ Compiled /aesthetic in 522ms (1829 modules)
 GET /aesthetic 200 in 612ms
 GET /aesthetic 200 in 9ms
 ○ Compiling /patterns ...
 ✓ Compiled /patterns in 659ms (1276 modules)
 GET /patterns 200 in 798ms
 GET /command 200 in 29ms
 ✓ Compiled in 5s (908 modules)
 ✓ Compiled in 1889ms (908 modules)
 ✓ Compiled in 480ms (908 modules)
 ✓ Compiled in 615ms (908 modules)
 ✓ Compiled in 1129ms (1305 modules)
 ○ Compiling / ...
 ✓ Compiled / in 1821ms (947 modules)
 HEAD / 200 in 2853ms
 GET / 200 in 9ms
 GET / 200 in 164ms
 ○ Compiling /favicon.ico ...
 ✓ Compiled /favicon.ico in 1753ms (962 modules)
 GET /favicon.ico 200 in 2102ms
 GET /command 200 in 87ms
 GET /command 200 in 701ms
 ✓ Compiled /chat in 501ms (946 modules)
 GET /chat 200 in 985ms
 GET /command 200 in 59ms
 GET /aesthetic 200 in 36ms
 ✓ Compiled /log in 424ms (954 modules)
 GET /log 200 in 514ms
 GET /command 200 in 37ms
 GET / 200 in 1593ms
 GET /command 200 in 89ms
 GET /command 200 in 101ms
 GET / 200 in 72ms
 GET /command 200 in 332ms
 GET /chat 200 in 88ms
 ○ Compiling /_not-found ...
 ✓ Compiled /_not-found in 2.2s (1844 modules)
 GET /dashboard 404 in 2452ms
 ✓ Compiled /favicon.ico in 334ms (957 modules)
 GET /favicon.ico 200 in 713ms
 GET /api/reports 404 in 110ms
 GET / 200 in 343ms
 GET /command 200 in 77ms
[?25h
